// Jest Snapshot v1, https://goo.gl/fbAQLP

exports[`should render CategoryPosts component correctly 1`] = `
<div
  className="recent-posts"
>
  <h2
    className="recent-posts__title"
  >
    Articles Related To undefined
  </h2>
  <SummarizedPost
    key="421"
    post={
      Object {
        "body": "This is the third blog post.",
        "categories": Array [
          "react",
          "javascript",
        ],
        "id": "421",
        "postDate": Object {
          "day": 5,
          "month": 9,
          "year": 2018,
        },
        "postPicture": "postPictureNumberThree",
        "postPictureName": "postPictureNameNumberThree",
        "title": "Title Three",
      }
    }
  />
  <SummarizedPost
    key="221"
    post={
      Object {
        "body": "This is the second blog post.",
        "categories": Array [
          "javascript",
          "html",
        ],
        "id": "221",
        "postDate": Object {
          "day": 1,
          "month": 4,
          "year": 2018,
        },
        "postPicture": "postPictureNumberTwo",
        "postPictureName": "postPictureNameNumberTwo",
        "title": "Title Two",
      }
    }
  />
  <SummarizedPost
    key="522"
    post={
      Object {
        "body": "This is the fourth blog post.",
        "categories": Array [
          "ruby",
          "python",
        ],
        "id": "522",
        "postDate": Object {
          "day": 27,
          "month": 3,
          "year": 2017,
        },
        "postPicture": "postPictureNumberFour",
        "postPictureName": "postPictureNameNumberFour",
        "title": "Title Four",
      }
    }
  />
  <SummarizedPost
    key="123"
    post={
      Object {
        "body": "This is the first blog post.",
        "categories": Array [
          "css",
          "html",
        ],
        "id": "123",
        "postDate": Object {
          "day": 1,
          "month": 2,
          "year": 2017,
        },
        "postPicture": "postPicture",
        "postPictureName": "postPictureName",
        "title": "Title One",
      }
    }
  />
</div>
`;
