// Jest Snapshot v1, https://goo.gl/fbAQLP

exports[`should render SummarizedPost component correctly 1`] = `
<Link
  replace={false}
  to="/posts/Title-Two"
>
  <div
    className="summarized-post"
  >
    <img
      alt="postPictureNameNumberTwo"
      className="summarized-post__image"
      src="postPictureNumberTwo"
    />
    <h2
      className="summarized-post__title"
    >
      Title Two
    </h2>
    <p
      className="summarized-post__date"
    >
      Posted May 1, 2018
    </p>
  </div>
</Link>
`;
